[    0.000000] Linux version 4.15.0-99-generic (buildd@lcy01-amd64-013) (gcc version 7.5.0 (Ubuntu 7.5.0-3ubuntu1~18.04)) #100-Ubuntu SMP Wed Apr 22 20:32:56 UTC 2020 (Ubuntu 4.15.0-99.100-generic 4.15.18)
[    0.000000] Command line: BOOT_IMAGE=/boot/vmlinuz-4.15.0-99-generic root=LABEL=cloudimg-rootfs ro console=tty1 console=ttyS0
[    0.000000] KERNEL supported cpus:
[    0.000000]   Intel GenuineIntel
[    0.000000]   AMD AuthenticAMD
[    0.000000]   Centaur CentaurHauls
[    0.000000] x86/fpu: Supporting XSAVE feature 0x001: 'x87 floating point registers'
[    0.000000] x86/fpu: Supporting XSAVE feature 0x002: 'SSE registers'
[    0.000000] x86/fpu: Supporting XSAVE feature 0x004: 'AVX registers'
[    0.000000] x86/fpu: xstate_offset[2]:  576, xstate_sizes[2]:  256
[    0.000000] x86/fpu: Enabled xstate features 0x7, context size is 832 bytes, using 'standard' format.
[    0.000000] e820: BIOS-provided physical RAM map:
[    0.000000] BIOS-e820: [mem 0x0000000000000000-0x000000000009fbff] usable
[    0.000000] BIOS-e820: [mem 0x000000000009fc00-0x000000000009ffff] reserved
[    0.000000] BIOS-e820: [mem 0x00000000000f0000-0x00000000000fffff] reserved
[    0.000000] BIOS-e820: [mem 0x0000000000100000-0x000000003ffeffff] usable
[    0.000000] BIOS-e820: [mem 0x000000003fff0000-0x000000003fffffff] ACPI data
[    0.000000] BIOS-e820: [mem 0x00000000fec00000-0x00000000fec00fff] reserved
[    0.000000] BIOS-e820: [mem 0x00000000fee00000-0x00000000fee00fff] reserved
[    0.000000] BIOS-e820: [mem 0x00000000fffc0000-0x00000000ffffffff] reserved
[    0.000000] NX (Execute Disable) protection: active
[    0.000000] SMBIOS 2.5 present.
[    0.000000] DMI: innotek GmbH VirtualBox/VirtualBox, BIOS VirtualBox 12/01/2006
[    0.000000] Hypervisor detected: KVM
[    0.000000] e820: last_pfn = 0x3fff0 max_arch_pfn = 0x400000000
[    0.000000] MTRR: Disabled
[    0.000000] x86/PAT: MTRRs disabled, skipping PAT initialization too.
[    0.000000] CPU MTRRs all blank - virtualized system.
[    0.000000] x86/PAT: Configuration [0-7]: WB  WT  UC- UC  WB  WT  UC- UC  
[    0.000000] found SMP MP-table at [mem 0x0009fff0-0x0009ffff]
[    0.000000] Scanning 1 areas for low memory corruption
[    0.000000] RAMDISK: [mem 0x35a6b000-0x36d2cfff]
[    0.000000] ACPI: Early table checksum verification disabled
[    0.000000] ACPI: RSDP 0x00000000000E0000 000024 (v02 VBOX  )
[    0.000000] ACPI: XSDT 0x000000003FFF0030 00003C (v01 VBOX   VBOXXSDT 00000001 ASL  00000061)
[    0.000000] ACPI: FACP 0x000000003FFF00F0 0000F4 (v04 VBOX   VBOXFACP 00000001 ASL  00000061)
[    0.000000] ACPI: DSDT 0x000000003FFF0470 002325 (v02 VBOX   VBOXBIOS 00000002 INTL 20100528)
[    0.000000] ACPI: FACS 0x000000003FFF0200 000040
[    0.000000] ACPI: FACS 0x000000003FFF0200 000040
[    0.000000] ACPI: APIC 0x000000003FFF0240 00005C (v02 VBOX   VBOXAPIC 00000001 ASL  00000061)
[    0.000000] ACPI: SSDT 0x000000003FFF02A0 0001CC (v01 VBOX   VBOXCPUT 00000002 INTL 20100528)
[    0.000000] No NUMA configuration found
[    0.000000] Faking a node at [mem 0x0000000000000000-0x000000003ffeffff]
[    0.000000] NODE_DATA(0) allocated [mem 0x3ffc5000-0x3ffeffff]
[    0.000000] kvm-clock: cpu 0, msr 0:3ff44001, primary cpu clock
[    0.000000] kvm-clock: Using msrs 4b564d01 and 4b564d00
[    0.000000] kvm-clock: using sched offset of 3727498992 cycles
[    0.000000] clocksource: kvm-clock: mask: 0xffffffffffffffff max_cycles: 0x1cd42e4dffb, max_idle_ns: 881590591483 ns
[    0.000000] Zone ranges:
[    0.000000]   DMA      [mem 0x0000000000001000-0x0000000000ffffff]
[    0.000000]   DMA32    [mem 0x0000000001000000-0x000000003ffeffff]
[    0.000000]   Normal   empty
[    0.000000]   Device   empty
[    0.000000] Movable zone start for each node
[    0.000000] Early memory node ranges
[    0.000000]   node   0: [mem 0x0000000000001000-0x000000000009efff]
[    0.000000]   node   0: [mem 0x0000000000100000-0x000000003ffeffff]
[    0.000000] Reserved but unavailable: 98 pages
[    0.000000] Initmem setup node 0 [mem 0x0000000000001000-0x000000003ffeffff]
[    0.000000] ACPI: PM-Timer IO Port: 0x4008
[    0.000000] IOAPIC[0]: apic_id 2, version 32, address 0xfec00000, GSI 0-23
[    0.000000] ACPI: INT_SRC_OVR (bus 0 bus_irq 0 global_irq 2 dfl dfl)
[    0.000000] ACPI: INT_SRC_OVR (bus 0 bus_irq 9 global_irq 9 low level)
[    0.000000] Using ACPI (MADT) for SMP configuration information
[    0.000000] smpboot: Allowing 2 CPUs, 0 hotplug CPUs
[    0.000000] PM: Registered nosave memory: [mem 0x00000000-0x00000fff]
[    0.000000] PM: Registered nosave memory: [mem 0x0009f000-0x0009ffff]
[    0.000000] PM: Registered nosave memory: [mem 0x000a0000-0x000effff]
[    0.000000] PM: Registered nosave memory: [mem 0x000f0000-0x000fffff]
[    0.000000] e820: [mem 0x40000000-0xfebfffff] available for PCI devices
[    0.000000] Booting paravirtualized kernel on KVM
[    0.000000] clocksource: refined-jiffies: mask: 0xffffffff max_cycles: 0xffffffff, max_idle_ns: 7645519600211568 ns
[    0.000000] random: get_random_bytes called from start_kernel+0x99/0x4fd with crng_init=0
[    0.000000] setup_percpu: NR_CPUS:8192 nr_cpumask_bits:2 nr_cpu_ids:2 nr_node_ids:1
[    0.000000] percpu: Embedded 45 pages/cpu s147456 r8192 d28672 u1048576
[    0.000000] PV qspinlock hash table entries: 256 (order: 0, 4096 bytes)
[    0.000000] Built 1 zonelists, mobility grouping on.  Total pages: 257913
[    0.000000] Policy zone: DMA32
[    0.000000] Kernel command line: BOOT_IMAGE=/boot/vmlinuz-4.15.0-99-generic root=LABEL=cloudimg-rootfs ro console=tty1 console=ttyS0
[    0.000000] Memory: 983060K/1048120K available (12300K kernel code, 2481K rwdata, 4268K rodata, 2432K init, 2712K bss, 65060K reserved, 0K cma-reserved)
[    0.000000] SLUB: HWalign=64, Order=0-3, MinObjects=0, CPUs=2, Nodes=1
[    0.000000] Kernel/User page tables isolation: enabled
[    0.000000] ftrace: allocating 39364 entries in 154 pages
[    0.004000] Hierarchical RCU implementation.
[    0.004000] 	RCU restricting CPUs from NR_CPUS=8192 to nr_cpu_ids=2.
[    0.004000] 	Tasks RCU enabled.
[    0.004000] RCU: Adjusting geometry for rcu_fanout_leaf=16, nr_cpu_ids=2
[    0.004000] NR_IRQS: 524544, nr_irqs: 440, preallocated irqs: 16
[    0.004000] Console: colour VGA+ 80x25
[    0.004000] console [tty1] enabled
[    0.004000] console [ttyS0] enabled
[    0.004000] ACPI: Core revision 20170831
[    0.004000] ACPI: 2 ACPI AML tables successfully acquired and loaded
[    0.004000] APIC: Switch to symmetric I/O mode setup
[    0.004000] x2apic enabled
[    0.004000] Switched APIC routing to physical x2apic.
[    0.004000] ..TIMER: vector=0x30 apic1=0 pin1=2 apic2=-1 pin2=-1
[    0.004002] tsc: Detected 2303.998 MHz processor
[    0.004769] Calibrating delay loop (skipped) preset value.. 4607.99 BogoMIPS (lpj=9215992)
[    0.005857] pid_max: default: 32768 minimum: 301
[    0.006614] Security Framework initialized
[    0.008002] Yama: becoming mindful.
[    0.008589] AppArmor: AppArmor initialized
[    0.011034] Dentry cache hash table entries: 131072 (order: 8, 1048576 bytes)
[    0.012057] Inode-cache hash table entries: 65536 (order: 7, 524288 bytes)
[    0.013083] Mount-cache hash table entries: 2048 (order: 2, 16384 bytes)
[    0.014076] Mountpoint-cache hash table entries: 2048 (order: 2, 16384 bytes)
[    0.016185] Last level iTLB entries: 4KB 64, 2MB 8, 4MB 8
[    0.017022] Last level dTLB entries: 4KB 64, 2MB 0, 4MB 0, 1GB 4
[    0.017929] Spectre V1 : Mitigation: usercopy/swapgs barriers and __user pointer sanitization
[    0.020001] Spectre V2 : Mitigation: Full generic retpoline
[    0.020878] Spectre V2 : Spectre v2 / SpectreRSB mitigation: Filling RSB on context switch
[    0.022216] Speculative Store Bypass: Vulnerable
[    0.022994] MDS: Mitigation: Clear CPU buffers
[    0.023827] Freeing SMP alternatives memory: 36K
[    0.134559] smpboot: CPU0: Intel(R) Core(TM) i9-9880H CPU @ 2.30GHz (family: 0x6, model: 0x9e, stepping: 0xd)
[    0.136000] Performance Events: unsupported p6 CPU model 158 no PMU driver, software events only.
[    0.136000] Hierarchical SRCU implementation.
[    0.136449] NMI watchdog: Perf event create on CPU 0 failed with -2
[    0.137448] NMI watchdog: Perf NMI watchdog permanently disabled
[    0.138425] smp: Bringing up secondary CPUs ...
[    0.139253] x86: Booting SMP configuration:
[    0.140001] .... node  #0, CPUs:      #1
[    0.004000] kvm-clock: cpu 1, msr 0:3ff44041, secondary cpu clock
[    0.144012] smp: Brought up 1 node, 2 CPUs
[    0.144661] smpboot: Max logical packages: 1
[    0.145316] smpboot: Total of 2 processors activated (9215.99 BogoMIPS)
[    0.146744] devtmpfs: initialized
[    0.148073] x86/mm: Memory block size: 128MB
[    0.148949] evm: security.selinux
[    0.149496] evm: security.SMACK64
[    0.150038] evm: security.SMACK64EXEC
[    0.150629] evm: security.SMACK64TRANSMUTE
[    0.151283] evm: security.SMACK64MMAP
[    0.152001] evm: security.apparmor
[    0.152573] evm: security.ima
[    0.153063] evm: security.capability
[    0.153679] clocksource: jiffies: mask: 0xffffffff max_cycles: 0xffffffff, max_idle_ns: 7645041785100000 ns
[    0.153679] futex hash table entries: 512 (order: 3, 32768 bytes)
[    0.157270] pinctrl core: initialized pinctrl subsystem
[    0.158368] RTC time: 13:17:25, date: 05/04/20
[    0.159167] NET: Registered protocol family 16
[    0.160052] audit: initializing netlink subsys (disabled)
[    0.160907] audit: type=2000 audit(1588598250.321:1): state=initialized audit_enabled=0 res=1
[    0.161662] cpuidle: using governor ladder
[    0.164017] cpuidle: using governor menu
[    0.164735] ACPI: bus type PCI registered
[    0.165846] acpiphp: ACPI Hot Plug PCI Controller Driver version: 0.5
[    0.166908] PCI: Using configuration type 1 for base access
[    0.168650] HugeTLB registered 2.00 MiB page size, pre-allocated 0 pages
[    0.169035] ACPI: Added _OSI(Module Device)
[    0.169035] ACPI: Added _OSI(Processor Device)
[    0.169387] ACPI: Added _OSI(3.0 _SCP Extensions)
[    0.170106] ACPI: Added _OSI(Processor Aggregator Device)
[    0.172007] ACPI: Added _OSI(Linux-Dell-Video)
[    0.172752] ACPI: Added _OSI(Linux-Lenovo-NV-HDMI-Audio)
[    0.173564] ACPI: Added _OSI(Linux-HPI-Hybrid-Graphics)
[    0.176288] ACPI: Executed 1 blocks of module-level executable AML code
[    0.180394] ACPI: Interpreter enabled
[    0.181003] ACPI: (supports S0 S5)
[    0.181618] ACPI: Using IOAPIC for interrupt routing
[    0.182941] PCI: Using host bridge windows from ACPI; if necessary, use "pci=nocrs" and report a bug
[    0.184151] ACPI: Enabled 2 GPEs in block 00 to 07
[    0.190237] ACPI: PCI Root Bridge [PCI0] (domain 0000 [bus 00-ff])
[    0.191444] acpi PNP0A03:00: _OSC: OS supports [ASPM ClockPM Segments MSI]
[    0.192316] acpi PNP0A03:00: _OSC: not requesting OS control; OS requires [ExtendedConfig ASPM ClockPM MSI]
[    0.193785] acpi PNP0A03:00: fail to add MMCONFIG information, can't access extended PCI configuration space under this bridge.
[    0.196485] PCI host bridge to bus 0000:00
[    0.197167] pci_bus 0000:00: root bus resource [io  0x0000-0x0cf7 window]
[    0.198387] pci_bus 0000:00: root bus resource [io  0x0d00-0xffff window]
[    0.199520] pci_bus 0000:00: root bus resource [mem 0x000a0000-0x000bffff window]
[    0.200002] pci_bus 0000:00: root bus resource [mem 0x40000000-0xfdffffff window]
[    0.201186] pci_bus 0000:00: root bus resource [bus 00-ff]
[    0.205668] pci 0000:00:01.1: legacy IDE quirk: reg 0x10: [io  0x01f0-0x01f7]
[    0.207269] pci 0000:00:01.1: legacy IDE quirk: reg 0x14: [io  0x03f6]
[    0.208002] pci 0000:00:01.1: legacy IDE quirk: reg 0x18: [io  0x0170-0x0177]
[    0.209124] pci 0000:00:01.1: legacy IDE quirk: reg 0x1c: [io  0x0376]
[    0.220420] pci 0000:00:07.0: quirk: [io  0x4000-0x403f] claimed by PIIX4 ACPI
[    0.221548] pci 0000:00:07.0: quirk: [io  0x4100-0x410f] claimed by PIIX4 SMB
[    0.226285] ACPI: PCI Interrupt Link [LNKA] (IRQs 5 9 10 *11)
[    0.227411] ACPI: PCI Interrupt Link [LNKB] (IRQs 5 9 *10 11)
[    0.228109] ACPI: PCI Interrupt Link [LNKC] (IRQs 5 *9 10 11)
[    0.229208] ACPI: PCI Interrupt Link [LNKD] (IRQs 5 9 10 *11)
[    0.230383] SCSI subsystem initialized
[    0.231013] pci 0000:00:02.0: vgaarb: setting as boot VGA device
[    0.231013] pci 0000:00:02.0: vgaarb: VGA device added: decodes=io+mem,owns=io+mem,locks=none
[    0.232008] pci 0000:00:02.0: vgaarb: bridge control possible
[    0.232881] vgaarb: loaded
[    0.233343] ACPI: bus type USB registered
[    0.236014] usbcore: registered new interface driver usbfs
[    0.236856] usbcore: registered new interface driver hub
[    0.237676] usbcore: registered new device driver usb
[    0.239105] EDAC MC: Ver: 3.0.0
[    0.240214] PCI: Using ACPI for IRQ routing
[    0.241602] NetLabel: Initializing
[    0.242169] NetLabel:  domain hash size = 128
[    0.242868] NetLabel:  protocols = UNLABELED CIPSOv4 CALIPSO
[    0.244013] NetLabel:  unlabeled traffic allowed by default
[    0.245148] clocksource: Switched to clocksource kvm-clock
[    0.253833] VFS: Disk quotas dquot_6.6.0
[    0.254813] VFS: Dquot-cache hash table entries: 512 (order 0, 4096 bytes)
[    0.256383] AppArmor: AppArmor Filesystem Enabled
[    0.257780] pnp: PnP ACPI init
[    0.259377] pnp: PnP ACPI: found 3 devices
[    0.268495] clocksource: acpi_pm: mask: 0xffffff max_cycles: 0xffffff, max_idle_ns: 2085701024 ns
[    0.270211] NET: Registered protocol family 2
[    0.271723] TCP established hash table entries: 8192 (order: 4, 65536 bytes)
[    0.273080] TCP bind hash table entries: 8192 (order: 5, 131072 bytes)
[    0.274955] TCP: Hash tables configured (established 8192 bind 8192)
[    0.275932] UDP hash table entries: 512 (order: 2, 16384 bytes)
[    0.276878] UDP-Lite hash table entries: 512 (order: 2, 16384 bytes)
[    0.277868] NET: Registered protocol family 1
[    0.278553] pci 0000:00:00.0: Limiting direct PCI/PCI transfers
[    0.280252] pci 0000:00:01.0: Activating ISA DMA hang workarounds
[    0.281648] pci 0000:00:02.0: Video device with shadowed ROM at [mem 0x000c0000-0x000dffff]
[    0.283034] Unpacking initramfs...
[    0.497867] Freeing initrd memory: 19208K
[    0.499006] clocksource: tsc: mask: 0xffffffffffffffff max_cycles: 0x2135f5e6f15, max_idle_ns: 440795231538 ns
[    0.501108] platform rtc_cmos: registered platform RTC device (no PNP device found)
[    0.502310] Scanning for low memory corruption every 60 seconds
[    0.503744] Initialise system trusted keyrings
[    0.505164] Key type blacklist registered
[    0.506375] workingset: timestamp_bits=36 max_order=18 bucket_order=0
[    0.508310] zbud: loaded
[    0.509420] squashfs: version 4.0 (2009/01/31) Phillip Lougher
[    0.510600] fuse init (API version 7.26)
[    0.512851] Key type asymmetric registered
[    0.513830] Asymmetric key parser 'x509' registered
[    0.514600] Block layer SCSI generic (bsg) driver version 0.4 loaded (major 246)
[    0.515797] io scheduler noop registered
[    0.516456] io scheduler deadline registered
[    0.517139] io scheduler cfq registered (default)
[    0.518185] ACPI: AC Adapter [AC] (on-line)
[    0.519194] input: Power Button as /devices/LNXSYSTM:00/LNXPWRBN:00/input/input0
[    0.520420] ACPI: Power Button [PWRF]
[    0.521111] input: Sleep Button as /devices/LNXSYSTM:00/LNXSLPBN:00/input/input1
[    0.523028] ACPI: Sleep Button [SLPF]
[    0.524842] ACPI: Battery Slot [BAT0] (battery present)
[    0.526107] Serial: 8250/16550 driver, 32 ports, IRQ sharing enabled
[    0.547844] 00:02: ttyS0 at I/O 0x3f8 (irq = 4, base_baud = 115200) is a 16550A
[    0.551147] Linux agpgart interface v0.103
[    0.552847] loop: module loaded
[    0.553736] scsi host0: ata_piix
[    0.554424] scsi host1: ata_piix
[    0.555486] ata1: PATA max UDMA/33 cmd 0x1f0 ctl 0x3f6 bmdma 0xd000 irq 14
[    0.556997] ata2: PATA max UDMA/33 cmd 0x170 ctl 0x376 bmdma 0xd008 irq 15
[    0.558474] libphy: Fixed MDIO Bus: probed
[    0.559134] tun: Universal TUN/TAP device driver, 1.6
[    0.560054] PPP generic driver version 2.4.2
[    0.561528] ehci_hcd: USB 2.0 'Enhanced' Host Controller (EHCI) Driver
[    0.562727] ehci-pci: EHCI PCI platform driver
[    0.563445] ehci-platform: EHCI generic platform driver
[    0.564512] ohci_hcd: USB 1.1 'Open' Host Controller (OHCI) Driver
[    0.565480] ohci-pci: OHCI PCI platform driver
[    0.566196] ohci-platform: OHCI generic platform driver
[    0.567022] uhci_hcd: USB Universal Host Controller Interface driver
[    0.568045] i8042: PNP: PS/2 Controller [PNP0303:PS2K,PNP0f03:PS2M] at 0x60,0x64 irq 1,12
[    0.569759] serio: i8042 KBD port at 0x60,0x64 irq 1
[    0.570918] serio: i8042 AUX port at 0x60,0x64 irq 12
[    0.572215] mousedev: PS/2 mouse device common for all mice
[    0.573602] input: AT Translated Set 2 keyboard as /devices/platform/i8042/serio0/input/input2
[    0.575722] rtc_cmos rtc_cmos: rtc core: registered rtc_cmos as rtc0
[    0.577102] rtc_cmos rtc_cmos: alarms up to one day, 114 bytes nvram
[    0.578094] i2c /dev entries driver
[    0.578758] device-mapper: uevent: version 1.0.3
[    0.580135] device-mapper: ioctl: 4.37.0-ioctl (2017-09-20) initialised: dm-devel@redhat.com
[    0.582282] ledtrig-cpu: registered to indicate activity on CPUs
[    0.583758] NET: Registered protocol family 10
[    0.587631] Segment Routing with IPv6
[    0.588390] NET: Registered protocol family 17
[    0.589218] Key type dns_resolver registered
[    0.590200] mce: Using 0 MCE banks
[    0.590830] RAS: Correctable Errors collector initialized.
[    0.591777] sched_clock: Marking stable (590178671, 0)->(718378384, -128199713)
[    0.593476] registered taskstats version 1
[    0.594214] Loading compiled-in X.509 certificates
[    0.596867] Loaded X.509 cert 'Build time autogenerated kernel key: 7480108fe56bba9284001dfb9078560125be4684'
[    0.598651] zswap: loaded using pool lzo/zbud
[    0.601951] Key type big_key registered
[    0.602665] Key type trusted registered
[    0.604588] Key type encrypted registered
[    0.605298] AppArmor: AppArmor sha1 policy hashing enabled
[    0.606276] ima: No TPM chip found, activating TPM-bypass! (rc=-19)
[    0.607378] ima: Allocated hash algorithm: sha1
[    0.608188] evm: HMAC attrs: 0x1
[    0.608983]   Magic number: 4:391:280
[    0.609652] tty tty17: hash matches
[    0.610384] rtc_cmos rtc_cmos: setting system clock to 2020-05-04 13:17:25 UTC (1588598245)
[    0.612275] BIOS EDD facility v0.16 2004-Jun-25, 0 devices found
[    0.613851] EDD information not available.
[    1.099502] Freeing unused kernel image memory: 2432K
[    1.108338] Write protecting the kernel read-only data: 20480k
[    1.110906] Freeing unused kernel image memory: 2008K
[    1.113103] Freeing unused kernel image memory: 1876K
[    1.121240] x86/mm: Checked W+X mappings: passed, no W+X pages found.
[    1.123077] x86/mm: Checking user space page tables
[    1.130921] x86/mm: Checked W+X mappings: passed, no W+X pages found.
Loading, please wait...
starting version 237
[    1.179491] Fusion MPT base driver 3.04.20
[    1.180918] Copyright (c) 1999-2008 LSI Corporation
[    1.182830] e1000: Intel(R) PRO/1000 Network Driver - version 7.3.21-k8-NAPI
[    1.183915] e1000: Copyright (c) 1999-2006 Intel Corporation.
[    1.186699] Fusion MPT SPI Host driver 3.04.20
[    1.197102] AVX2 version of gcm_enc/dec engaged.
[    1.198507] AES CTR mode by8 optimization enabled
[    1.199577] mptbase: ioc0: Initiating bringup
[    1.494670] input: ImExPS/2 Generic Explorer Mouse as /devices/platform/i8042/serio1/input/input4
[    1.532358] ioc0: LSI53C1030 A0: Capabilities={Initiator}
[    4.109396] scsi host2: ioc0: LSI53C1030 A0, FwRev=00000000h, Ports=1, MaxQ=256, IRQ=20
[    5.310832] scsi 2:0:0:0: Direct-Access     VBOX     HARDDISK         1.0  PQ: 0 ANSI: 5
[    5.344470] scsi target2:0:0: Beginning Domain Validation
[    5.348282] scsi target2:0:0: Domain Validation skipping write tests
[    5.349969] scsi target2:0:0: Ending Domain Validation
[    5.351748] scsi target2:0:0: asynchronous
[    5.353454] scsi 2:0:1:0: Direct-Access     VBOX     HARDDISK         1.0  PQ: 0 ANSI: 5
[    5.648610] scsi target2:0:1: Beginning Domain Validation
[    5.653052] random: fast init done
[    5.653901] scsi target2:0:1: Domain Validation skipping write tests
[    5.655134] scsi target2:0:1: Ending Domain Validation
[    5.656177] scsi target2:0:1: asynchronous
[    5.659962] random: systemd-udevd: uninitialized urandom read (16 bytes read)
[    5.661622] random: systemd-udevd: uninitialized urandom read (16 bytes read)
[    5.662896] random: systemd-udevd: uninitialized urandom read (16 bytes read)
[    5.664255] sd 2:0:0:0: Attached scsi generic sg0 type 0
[    5.664353] sd 2:0:0:0: [sda] 20971520 512-byte logical blocks: (10.7 GB/10.0 GiB)
[    5.665270] sd 2:0:1:0: Attached scsi generic sg1 type 0
[    5.666521] sd 2:0:0:0: [sda] Write Protect is off
[    5.668266] sd 2:0:0:0: [sda] Incomplete mode parameter data
[    5.668327] sd 2:0:1:0: [sdb] 20480 512-byte logical blocks: (10.5 MB/10.0 MiB)
[    5.669626] sd 2:0:0:0: [sda] Assuming drive cache: write through
[    5.671911] sd 2:0:1:0: [sdb] Write Protect is off
[    5.672987] sd 2:0:1:0: [sdb] Incomplete mode parameter data
[    5.673674]  sda: sda1
[    5.673993] sd 2:0:1:0: [sdb] Assuming drive cache: write through
[    5.676903] sd 2:0:1:0: [sdb] Attached SCSI disk
[    5.688299] e1000 0000:00:03.0 eth0: (PCI:33MHz:32-bit) 02:2b:21:86:a5:be
[    5.690120] e1000 0000:00:03.0 eth0: Intel(R) PRO/1000 Network Connection
[    5.691309] sd 2:0:0:0: [sda] Attached SCSI disk
[    5.692935] e1000 0000:00:03.0 enp0s3: renamed from eth0
Begin: Loading essential drivers ... [    7.041127] raid6: sse2x1   gen() 15008 MB/s
[    7.088178] raid6: sse2x1   xor()  8010 MB/s
[    7.136480] raid6: sse2x2   gen() 16698 MB/s
[    7.184803] raid6: sse2x2   xor() 11813 MB/s
[    7.232059] raid6: sse2x4   gen() 19556 MB/s
[    7.280106] raid6: sse2x4   xor() 11353 MB/s
[    7.328065] raid6: avx2x1   gen() 29214 MB/s
[    7.376354] raid6: avx2x1   xor() 17190 MB/s
[    7.424229] raid6: avx2x2   gen() 30857 MB/s
[    7.472424] raid6: avx2x2   xor() 22769 MB/s
[    7.520220] raid6: avx2x4   gen() 38104 MB/s
[    7.568727] raid6: avx2x4   xor() 23978 MB/s
[    7.569551] raid6: using algorithm avx2x4 gen() 38104 MB/s
[    7.570491] raid6: .... xor() 23978 MB/s, rmw enabled
[    7.571298] raid6: using avx2x2 recovery algorithm
[    7.572951] xor: automatically using best checksumming function   avx       
[    7.574955] async_tx: api initialized (async)
done.
Begin: Running /scripts/init-premount ... done.
Begin: Mounting root file system ... Begin: Running /scripts/local-top ... done.
Begin: Running /scripts/local-premount ... [    7.607954] Btrfs loaded, crc32c=crc32c-intel
Scanning for Btrfs filesystems
done.
Warning: fsck not present, so skipping root file system
[    7.627220] EXT4-fs (sda1): mounted filesystem with ordered data mode. Opts: (null)
done.
Begin: Running /scripts/local-bottom ... done.
Begin: Running /scripts/init-bottom ... done.
[    7.737167] ip_tables: (C) 2000-2006 Netfilter Core Team
[    7.742981] systemd[1]: systemd 237 running in system mode. (+PAM +AUDIT +SELINUX +IMA +APPARMOR +SMACK +SYSVINIT +UTMP +LIBCRYPTSETUP +GCRYPT +GNUTLS +ACL +XZ +LZ4 +SECCOMP +BLKID +ELFUTILS +KMOD -IDN2 +IDN -PCRE2 default-hierarchy=hybrid)
[    7.746896] systemd[1]: Detected virtualization oracle.
[    7.747833] systemd[1]: Detected architecture x86-64.

Welcome to [1mUbuntu 18.04.4 LTS[0m!

[    7.751765] systemd[1]: Set hostname to <ubuntu-bionic>.
[    7.931694] systemd[1]: Reached target User and Group Name Lookups.
[[0;32m  OK  [0m] Reached target User and Group Name Lookups.
[    7.934622] systemd[1]: Created slice User and Session Slice.
[[0;32m  OK  [0m] Created slice User and Session Slice.
[    7.936203] systemd[1]: Set up automount Arbitrary Executable File Formats File System Automount Point.
[[0;32m  OK  [0m] Set up automount Arbitrary Executabâ€¦rmats File System Automount Point.
[    7.938703] systemd[1]: Reached target Swap.
[[0;32m  OK  [0m] Reached target Swap.
[    7.940109] systemd[1]: Created slice System Slice.
[[0;32m  OK  [0m] Created slice System Slice.
[    7.941576] systemd[1]: Listening on Journal Audit Socket.
[[0;32m  OK  [0m] Listening on Journal Audit Socket.
[[0;32m  OK  [0m] Listening on udev Kernel Socket.
[[0;32m  OK  [0m] Listening on Device-mapper event daemon FIFOs.
[[0;32m  OK  [0m] Listening on udev Control Socket.
[[0;32m  OK  [0m] Listening on Journal Socket.
         Starting udev Coldplug all Devices...
         Starting Load Kernel Modules...
         Starting Remount Root and Kernel File Systems...
[[0;32m  OK  [0m] Listening on LVM2 poll daemon socket.
[[0;32m  OK  [0m] Created slice system-serial\x2dgetty.slice.
[[0;32m  OK  [0m] Listening on Syslog Socket.
         Starting Uncomplicated firewall...
         Starting Set the console keyboard layout...
[[0;32m  OK  [0m] Listening on Network Service Netlink Socket.
[[0;32m  OK  [0m] Listening on /dev/initctl Compatibility Named Pipe.
[[0;32m  OK  [0m] Listening on Journal Socket (/dev/log).
         Starting Journal Service...
[[0;32m  OK  [0m] Reached target Slices.
         Mounting POSIX Message Queue File System...
[[0;32m  OK  [0m] Reached target System Time Synchronized.
[[0;32m  OK  [0m] Started Forward Password Requests to Wall Directory Watch.
         Starting Create list of required stâ€¦ce nodes for the current kernel...
         Mounting Kernel Debug File System...
[[0;32m  OK  [0m] Listening on LVM2 metadata daemon socket.
         Starting Monitoring of LVM2 mirrorsâ€¦ng dmeventd or progress polling...
[    7.975877] Loading iSCSI transport class v2.0-870.
         Mounting Huge Pages File System...
[[0;32m  OK  [0m] Started Uncomplicated firewall.
[[0;32m  OK  [0m] Started Create list of required staâ€¦vice nodes for the current kernel.
[    8.023711] iscsi: registered transport (tcp)
[[0;32m  OK  [0m] Started Journal Service.
[[0;32m  OK  [0m] Started udev Coldplug all Devices.
         Starting Create Static Device Nodes in /dev...
[    8.035098] iscsi: registered transport (iser)
[[0;32m  OK  [0m] Started Load Kernel Modules.
         Mounting Kernel Configuration File System...
         Mounting FUSE Control File System...
         Starting Apply Kernel Variables...
[[0;32m  OK  [0m] Started LVM2 metadata daemon.
[[0;32m  OK  [0m] Mounted Kernel Debug File System.
[[0;32m  OK  [0m] Mounted FUSE Control File System.
[[0;32m  OK  [0m] Mounted POSIX Message Queue File System.
[[0;32m  OK  [0m] Mounted Huge Pages File System.
[[0;32m  OK  [0m] Started Create Static Device Nodes in /dev.
[[0;32m  OK  [0m] Mounted Kernel Configuration File System.
[[0;32m  OK  [0m] Started Remount Root and Kernel File Systems.
         Starting Load/Save Random Seed...
         Starting Flush Journal to Persistent Storage...
         Starting udev Kernel Device Manager...
[[0;32m  OK  [0m] Started Apply Kernel Variables.
[[0;32m  OK  [0m] Started Load/Save Random Seed.
[[0;32m  OK  [0m] Started Monitoring of LVM2 mirrors,â€¦sing dmeventd or progress polling.
[[0;32m  OK  [0m] Started udev Kernel Device Manager.
[[0;32m  OK  [0m] Started Set the console keyboard layout.
[[0;32m  OK  [0m] Reached target Local File Systems (Pre).
[[0;32m  OK  [0m] Reached target Local File Systems.
         Starting AppArmor initialization...
         Starting Tell Plymouth To Write Out Runtime Data...
         Starting Set console font and keymap...
         Starting ebtables ruleset management...
[[0;32m  OK  [0m] Started Dispatch Password Requests to Console Directory Watch.
[[0;32m  OK  [0m] Reached target Local Encrypted Volumes.
[[0;32m  OK  [0m] Started Tell Plymouth To Write Out Runtime Data.
[[0;32m  OK  [0m] Started Flush Journal to Persistent Storage.
[[0;32m  OK  [0m] Started Set console font and keymap.
         Starting Create Volatile Files and Directories...
[[0;32m  OK  [0m] Started Create Volatile Files and Directories.
         Starting Update UTMP about System Boot/Shutdown...
[[0;32m  OK  [0m] Started Update UTMP about System Boot/Shutdown.
[[0;32m  OK  [0m] Started ebtables ruleset management.
[[0;32m  OK  [0m] Found device /dev/ttyS0.
[[0;32m  OK  [0m] Listening on Load/Save RF Kill Switch Status /dev/rfkill Watch.
[[0;32m  OK  [0m] Started AppArmor initialization.
         Starting Initial cloud-init job (pre-networking)...
[    9.073150] cloud-init[531]: Cloud-init v. 19.4-33-gbb4131a2-0ubuntu1~18.04.1 running 'init-local' at Mon, 04 May 2020 13:17:33 +0000. Up 8.92 seconds.
[[0;32m  OK  [0m] Started Initial cloud-init job (pre-networking).
[[0;32m  OK  [0m] Reached target Network (Pre).
         Starting Network Service...
[[0;32m  OK  [0m] Started Network Service.
         Starting Wait for Network to be Configured...
         Starting Network Name Resolution...
[[0;32m  OK  [0m] Started Network Name Resolution.
[[0;32m  OK  [0m] Reached target Host and Network Name Lookups.
[[0;32m  OK  [0m] Reached target Network.
[[0;32m  OK  [0m] Started Wait for Network to be Configured.
         Starting Initial cloud-init job (metadata service crawler)...
[   11.416949] cloud-init[652]: Cloud-init v. 19.4-33-gbb4131a2-0ubuntu1~18.04.1 running 'init' at Mon, 04 May 2020 13:17:36 +0000. Up 11.32 seconds.
[   11.419128] cloud-init[652]: ci-info: ++++++++++++++++++++++++++++++++++++++Net device info++++++++++++++++++++++++++++++++++++++
[   11.421475] cloud-init[652]: ci-info: +--------+------+----------------------------+---------------+--------+-------------------+
[   11.423233] cloud-init[652]: ci-info: | Device |  Up  |          Address           |      Mask     | Scope  |     Hw-Address    |
[   11.424952] cloud-init[652]: ci-info: +--------+------+----------------------------+---------------+--------+-------------------+
[   11.426762] cloud-init[652]: ci-info: | enp0s3 | True |         10.0.2.15          | 255.255.255.0 | global | 02:2b:21:86:a5:be |
[   11.428405] cloud-init[652]: ci-info: | enp0s3 | True | fe80::2b:21ff:fe86:a5be/64 |       .       |  link  | 02:2b:21:86:a5:be |
[   11.430360] cloud-init[652]: ci-info: |   lo   | True |         127.0.0.1          |   255.0.0.0   |  host  |         .         |
[   11.432614] cloud-init[652]: ci-info: |   lo   | True |          ::1/128           |       .       |  host  |         .         |
[   11.434500] cloud-init[652]: ci-info: +--------+------+----------------------------+---------------+--------+-------------------+
[   11.436275] cloud-init[652]: ci-info: ++++++++++++++++++++++++++++Route IPv4 info+++++++++++++++++++++++++++++
[   11.437831] cloud-init[652]: ci-info: +-------+-------------+----------+-----------------+-----------+-------+
[   11.439213] cloud-init[652]: ci-info: | Route | Destination | Gateway  |     Genmask     | Interface | Flags |
[   11.441078] cloud-init[652]: ci-info: +-------+-------------+----------+-----------------+-----------+-------+
[   11.442662] cloud-init[652]: ci-info: |   0   |   0.0.0.0   | 10.0.2.2 |     0.0.0.0     |   enp0s3  |   UG  |
[   11.444193] cloud-init[652]: ci-info: |   1   |   10.0.2.0  | 0.0.0.0  |  255.255.255.0  |   enp0s3  |   U   |
[   11.446160] cloud-init[652]: ci-info: |   2   |   10.0.2.2  | 0.0.0.0  | 255.255.255.255 |   enp0s3  |   UH  |
[   11.447784] cloud-init[652]: ci-info: +-------+-------------+----------+-----------------+-----------+-------+
[   11.449757] cloud-init[652]: ci-info: +++++++++++++++++++Route IPv6 info+++++++++++++++++++
[   11.451083] cloud-init[652]: ci-info: +-------+-------------+---------+-----------+-------+
[   11.452359] cloud-init[652]: ci-info: | Route | Destination | Gateway | Interface | Flags |
[   11.453685] cloud-init[652]: ci-info: +-------+-------------+---------+-----------+-------+
[   11.454928] cloud-init[652]: ci-info: |   1   |  fe80::/64  |    ::   |   enp0s3  |   U   |
[   11.456219] cloud-init[652]: ci-info: |   3   |    local    |    ::   |   enp0s3  |   U   |
[   11.457390] cloud-init[652]: ci-info: |   4   |   ff00::/8  |    ::   |   enp0s3  |   U   |
[   11.458555] cloud-init[652]: ci-info: +-------+-------------+---------+-----------+-------+
[[0;32m  OK  [0m] Started Initial cloud-init job (metadata service crawler).
[[0;32m  OK  [0m] Reached target Network is Online.
[[0;32m  OK  [0m] Reached target Remote File Systems (Pre).
[[0;32m  OK  [0m] Reached target Remote File Systems.
         Starting Availability of block devices...
[[0;32m  OK  [0m] Reached target Cloud-config availability.
[[0;32m  OK  [0m] Reached target System Initialization.
[[0;32m  OK  [0m] Started ACPI Events Check.
[[0;32m  OK  [0m] Listening on UUID daemon activation socket.
         Starting LXD - unix socket.
[[0;32m  OK  [0m] Listening on Open-iSCSI iscsid Socket.
[[0;32m  OK  [0m] Listening on D-Bus System Message Bus Socket.
         Starting Socket activation for snappy daemon.
[[0;32m  OK  [0m] Started Daily apt download activities.
[[0;32m  OK  [0m] Started Daily apt upgrade and clean activities.
[[0;32m  OK  [0m] Listening on ACPID Listen Socket.
[[0;32m  OK  [0m] Started Discard unused blocks once a week.
[[0;32m  OK  [0m] Started Message of the Day.
[[0;32m  OK  [0m] Reached target Paths.
[[0;32m  OK  [0m] Started Daily Cleanup of Temporary Directories.
[[0;32m  OK  [0m] Reached target Timers.
[[0;32m  OK  [0m] Started Availability of block devices.
[[0;32m  OK  [0m] Listening on LXD - unix socket.
[[0;32m  OK  [0m] Listening on Socket activation for snappy daemon.
[[0;32m  OK  [0m] Reached target Sockets.
[[0;32m  OK  [0m] Reached target Basic System.
         Starting System Logging Service...
         Starting Login Service...
         Starting LSB: Record successful boot for GRUB...
[[0;32m  OK  [0m] Started D-Bus System Message Bus.
         Starting Dispatcher daemon for systemd-networkd...
         Starting Virtualbox guest utils...
[[0;32m  OK  [0m] Started Regular background program processing daemon.
         Starting OpenBSD Secure Shell server...
[[0;32m  OK  [0m] Started Deferred execution scheduler.
         Starting LSB: automatic crash report generation...
         Starting Accounts Service...
[[0;32m  OK  [0m] Started irqbalance daemon.
         Starting Permit User Sessions...
         Starting Snappy daemon...
[[0;32m  OK  [0m] Started FUSE filesystem for LXC.
         Starting LXD - container startup/shutdown...
[[0;32m  OK  [0m] Started System Logging Service.
[[0;32m  OK  [0m] Started Login Service.
[[0;32m  OK  [0m] Started Unattended Upgrades Shutdown.
[[0;32m  OK  [0m] Started OpenBSD Secure Shell server.
[[0;32m  OK  [0m] Started Permit User Sessions.
         Starting Hold until boot process finishes up...
         Starting Terminate Plymouth Boot Screen...
[[0;32m  OK  [0m] Started Hold until boot process finishes up.
         Starting Set console scheme...
[[0;32m  OK  [0m] Started Serial Getty on ttyS0.
[[0;32m  OK  [0m] Started Terminate Plymouth Boot Screen.
[[0;32m  OK  [0m] Started Set console scheme.
[[0;32m  OK  [0m] Created slice system-getty.slice.
[[0;32m  OK  [0m] Started Getty on tty1.
[[0;32m  OK  [0m] Reached target Login Prompts.
[[0;32m  OK  [0m] Started LSB: Record successful boot for GRUB.
[[0;32m  OK  [0m] Started LSB: automatic crash report generation.
         Starting Authorization Manager...
[[0;32m  OK  [0m] Created slice User Slice of vagrant.
[[0;32m  OK  [0m] Started Virtualbox guest utils.
[[0;32m  OK  [0m] Started LXD - container startup/shutdown.
[[0;32m  OK  [0m] Started Authorization Manager.
[[0;32m  OK  [0m] Started Accounts Service.
[[0;32m  OK  [0m] Started Session 1 of user vagrant.
         Starting User Manager for UID 1000...
[[0;32m  OK  [0m] Started Dispatcher daemon for systemd-networkd.
[[0;32m  OK  [0m] Started User Manager for UID 1000.
[[0;32m  OK  [0m] Started Snappy daemon.
         Starting Wait until snapd is fully seeded...
[[0;32m  OK  [0m] Started Wait until snapd is fully seeded.
         Starting Apply the settings specified in cloud-config...
[[0;32m  OK  [0m] Reached target Multi-User System.
[[0;32m  OK  [0m] Reached target Graphical Interface.
         Starting Update UTMP about System Runlevel Changes...
[[0;32m  OK  [0m] Started Update UTMP about System Runlevel Changes.
[   12.872528] cloud-init[1091]: Cloud-init v. 19.4-33-gbb4131a2-0ubuntu1~18.04.1 running 'modules:config' at Mon, 04 May 2020 13:17:37 +0000. Up 12.75 seconds.
[[0;32m  OK  [0m] Started Apply the settings specified in cloud-config.
         Starting Execute cloud user/final scripts...
[   13.222585] cloud-init[1163]: Cloud-init v. 19.4-33-gbb4131a2-0ubuntu1~18.04.1 running 'modules:final' at Mon, 04 May 2020 13:17:38 +0000. Up 13.15 seconds.
[   13.223679] cloud-init[1163]: Cloud-init v. 19.4-33-gbb4131a2-0ubuntu1~18.04.1 finished at Mon, 04 May 2020 13:17:38 +0000. Datasource DataSourceNoCloud [seed=/dev/sdb][dsmode=net].  Up 13.21 seconds
[[0;32m  OK  [0m] Started Execute cloud user/final scripts.
[[0;32m  OK  [0m] Reached target Cloud-init target.

Ubuntu 18.04.4 LTS ubuntu-bionic ttyS0

ubuntu-bionic login: 